#-----------------------------------------------------------
# Vivado v2021.1 (64-bit)
# SW Build 3247384 on Thu Jun 10 19:36:33 MDT 2021
# IP Build 3246043 on Fri Jun 11 00:30:35 MDT 2021
# Start of session at: Sat Sep 11 16:01:44 2021
# Process ID: 5028
# Current directory: D:/Reposgit/Arquitectura-TP1/TP1_ALU
# Command line: vivado.exe -gui_launcher_event rodinguilauncherevent14796 D:\Reposgit\Arquitectura-TP1\TP1_ALU\TP1_ALU.xpr
# Log file: D:/Reposgit/Arquitectura-TP1/TP1_ALU/vivado.log
# Journal file: D:/Reposgit/Arquitectura-TP1/TP1_ALU\vivado.jou
#-----------------------------------------------------------
start_gui
open_project D:/Reposgit/Arquitectura-TP1/TP1_ALU/TP1_ALU.xpr
update_compile_order -fileset sources_1
export_ip_user_files -of_objects  [get_files D:/Reposgit/Arquitectura-TP1/src/ALU.v] -no_script -reset -force -quiet
remove_files  D:/Reposgit/Arquitectura-TP1/src/ALU.v
update_files -from_files D:/Reposgit/Arquitectura-TP1/src/ALU.v -to_files D:/Reposgit/Reposgit/Arquitectura-TP1/ALU.v -filesets [get_filesets *]
update_compile_order -fileset sources_1
export_ip_user_files -of_objects  [get_files D:/Reposgit/Arquitectura-TP1/src/tb_ALU.v] -no_script -reset -force -quiet
remove_files  -fileset sim_1 D:/Reposgit/Arquitectura-TP1/src/tb_ALU.v
update_files -from_files D:/Reposgit/Arquitectura-TP1/src/tb_ALU.v -to_files D:/Reposgit/Reposgit/Arquitectura-TP1/tb_ALU.v -filesets [get_filesets *]
update_compile_order -fileset sim_1
reset_run synth_1
launch_runs synth_1 -jobs 4
wait_on_run synth_1
open_run synth_1 -name synth_1
launch_simulation
source tb_ALU.tcl
add_bp {D:/Reposgit/Arquitectura-TP1/src/tb_ALU.v} 12
remove_bps -file {D:/Reposgit/Arquitectura-TP1/src/tb_ALU.v} -line 12
reset_run synth_1
close_sim
launch_simulation
source tb_ALU.tcl
step
step
step
step
step
step
step
step
step
step
step
step
step
step
step
step
step
step
step
step
step
step
step
step
launch_runs synth_1 -jobs 4
wait_on_run synth_1
close_design
open_run synth_1 -name synth_1
close_sim
launch_simulation
source tb_ALU.tcl
close_sim
